// Jest Snapshot v1, https://goo.gl/fbAQLP

exports[`TODOList Should render correctly 1`] = `
<div
  className="TODOList"
>
  <form
    onSubmit={[Function]}
  >
    <div
      className="EntryWrapper"
    >
      <li
        className="TODOItem"
        onClick={[Function]}
      >
        
      </li>
      <button
        className="DelEntry"
        type="submit"
      >
        <img
          alt="-"
          src="https://img.icons8.com/metro/26/000000/trash.png"
          style={
            Object {
              "filter": "opacity(50%)",
              "height": "auto",
              "maxWidth": "50%",
            }
          }
        />
      </button>
    </div>
  </form>
  <div
    className="container"
  >
    <button
      className="Button"
      onClick={[Function]}
      type="button"
    >
      +
    </button>
    <button
      className="Button"
      onClick={[Function]}
      style={
        Object {
          "width": "200px",
        }
      }
      type="button"
    >
      Load
    </button>
  </div>
</div>
`;
