// Jest Snapshot v1, https://goo.gl/fbAQLP

exports[`TODOItem renders correctly 1`] = `
<form
  className="EntryForm"
>
  <li>
    <textarea
      className="TODOItem"
      onChange={[Function]}
      onKeyDown={[Function]}
      placeholder="type a note..."
      value=""
    />
  </li>
</form>
`;

exports[`TODOItem renders correctly 2`] = `
<TODOItem
  id={1}
  mod={false}
>
  <form
    onSubmit={[Function]}
  >
    <div
      className="EntryWrapper"
    >
      <li
        className="TODOItem"
        onClick={[Function]}
      />
      <button
        className="DelEntry"
        type="submit"
      >
        <img
          alt="-"
          src="https://img.icons8.com/metro/26/000000/trash.png"
          style={
            Object {
              "filter": "opacity(50%)",
              "height": "auto",
              "maxWidth": "50%",
            }
          }
        />
      </button>
    </div>
  </form>
</TODOItem>
`;
